// Jest Snapshot v1, https://goo.gl/fbAQLP

exports[`Container component without props should match snapshot 1`] = `
<Container>
  <Children
    articles={Array []}
    onSearchChange={[MockFunction]}
    searchValue="test"
  >
    <div>
      Test
    </div>
  </Children>
</Container>
`;
